[
  {
    "id": 123,
    "nome": "Novo Restaurante",
    "proprietario": "ID do keyclock"
  }
]