[
  {
    "descricao": "Descrição do meu prato",
    "id": 123,
    "nome": "Novo prato",
    "restaurante": {
      "id": 123,
      "nome": "Novo Restaurante",
      "proprietario": "ID do keyclock"
    }
  }
]